21:43:52 **** Incremental Build of configuration Debug for project BH1750 ****
make -j16 all 
arm-none-eabi-gcc "../Core/Src/main.c" -mcpu=cortex-m4 -std=gnu11 -g3 -DDEBUG -DUSE_HAL_DRIVER -DSTM32F411xE -c -I../Core/Inc -I../Drivers/STM32F4xx_HAL_Driver/Inc -I../Drivers/STM32F4xx_HAL_Driver/Inc/Legacy -I../Drivers/CMSIS/Device/ST/STM32F4xx/Include -I../Drivers/CMSIS/Include -O0 -ffunction-sections -fdata-sections -Wall -fstack-usage -fcyclomatic-complexity -MMD -MP -MF"Core/Src/main.d" -MT"Core/Src/main.o" --specs=nano.specs -mfpu=fpv4-sp-d16 -mfloat-abi=hard -mthumb -o "Core/Src/main.o"
arm-none-eabi-gcc "../Core/Src/usart.c" -mcpu=cortex-m4 -std=gnu11 -g3 -DDEBUG -DUSE_HAL_DRIVER -DSTM32F411xE -c -I../Core/Inc -I../Drivers/STM32F4xx_HAL_Driver/Inc -I../Drivers/STM32F4xx_HAL_Driver/Inc/Legacy -I../Drivers/CMSIS/Device/ST/STM32F4xx/Include -I../Drivers/CMSIS/Include -O0 -ffunction-sections -fdata-sections -Wall -fstack-usage -fcyclomatic-complexity -MMD -MP -MF"Core/Src/usart.d" -MT"Core/Src/usart.o" --specs=nano.specs -mfpu=fpv4-sp-d16 -mfloat-abi=hard -mthumb -o "Core/Src/usart.o"
arm-none-eabi-gcc -o "BH1750.elf" @"objects.list"   -mcpu=cortex-m4 -T"C:\Work and Study\STM32\2_Sensor-website\BH1750\STM32F411RETX_FLASH.ld" --specs=nosys.specs -Wl,-Map="BH1750.map" -Wl,--gc-sections -static -u _printf_float --specs=nano.specs -mfpu=fpv4-sp-d16 -mfloat-abi=hard -mthumb -Wl,--start-group -lc -lm -Wl,--end-group
Finished building target: BH1750.elf
 
arm-none-eabi-size  BH1750.elf 
arm-none-eabi-objdump -h -S BH1750.elf  > "BH1750.list"
   text	   data	    bss	    dec	    hex	filename
  34912	    468	   2132	  37512	   9288	BH1750.elf
Finished building: default.size.stdout
 
Finished building: BH1750.list
 
21:44:14 **** Incremental Build of configuration Debug for project BH1750 ****
make -j16 all 
arm-none-eabi-size  BH1750.elf 
   text	   data	    bss	    dec	    hex	filename
  34912	    468	   2132	  37512	   9288	BH1750.elf
Finished building: default.size.stdout
 
18:22:03 **** Incremental Build of configuration Debug for project BH1750 ****
make -j16 all 
arm-none-eabi-size  BH1750.elf 
   text	   data	    bss	    dec	    hex	filename
  34912	    468	   2132	  37512	   9288	BH1750.elf
Finished building: default.size.stdout
 
18:32:03 **** Incremental Build of configuration Debug for project BH1750 ****
make -j16 all 
arm-none-eabi-size  BH1750.elf 
   text	   data	    bss	    dec	    hex	filename
  34912	    468	   2132	  37512	   9288	BH1750.elf
Finished building: default.size.stdout
 
20:27:07 **** Incremental Build of configuration Debug for project BH1750 ****
make -j16 all 
arm-none-eabi-gcc "../Core/Src/main.c" -mcpu=cortex-m4 -std=gnu11 -g3 -DDEBUG -DUSE_HAL_DRIVER -DSTM32F411xE -c -I../Core/Inc -I../Drivers/STM32F4xx_HAL_Driver/Inc -I../Drivers/STM32F4xx_HAL_Driver/Inc/Legacy -I../Drivers/CMSIS/Device/ST/STM32F4xx/Include -I../Drivers/CMSIS/Include -O0 -ffunction-sections -fdata-sections -Wall -fstack-usage -fcyclomatic-complexity -MMD -MP -MF"Core/Src/main.d" -MT"Core/Src/main.o" --specs=nano.specs -mfpu=fpv4-sp-d16 -mfloat-abi=hard -mthumb -o "Core/Src/main.o"
arm-none-eabi-gcc -o "BH1750.elf" @"objects.list"   -mcpu=cortex-m4 -T"C:\Work and Study\STM32\2_Sensor-website\BH1750\STM32F411RETX_FLASH.ld" --specs=nosys.specs -Wl,-Map="BH1750.map" -Wl,--gc-sections -static -u _printf_float --specs=nano.specs -mfpu=fpv4-sp-d16 -mfloat-abi=hard -mthumb -Wl,--start-group -lc -lm -Wl,--end-group
Finished building target: BH1750.elf
 
arm-none-eabi-size  BH1750.elf 
arm-none-eabi-objdump -h -S BH1750.elf  > "BH1750.list"
   text	   data	    bss	    dec	    hex	filename
  34904	    468	   2132	  37504	   9280	BH1750.elf
Finished building: default.size.stdout
 
Finished building: BH1750.list
 
